// Jest Snapshot v1, https://goo.gl/fbAQLP

exports[`Home Renders consistently 1`] = `
<div
  id="homepage"
>
  <div
    className="container"
  >
    <div
      className="titleArea"
    >
      <div
        className="titleContent"
      >
        <div>
          <h1>
            Smart technology for people living with epilepsy
          </h1>
        </div>
        <div>
          <button>
            Buy Now
          </button>
        </div>
        <div>
          <p>
            Comes with a 30-day Free Trial Subscription
          </p>
        </div>
      </div>
    </div>
    <div
      className="row infoRow justify-content-center align-items-center"
    >
      <div
        className="col-md-4"
      >
        <Media
          defaultMatches={true}
          query="(max-width: 767px)"
        >
          [Function]
        </Media>
        <br />
        <br />
        <h2>
          Your companion for epilepsy management
        </h2>
        <br />
        <p>
          The Embrace watch uses advanced learning algorithms to identify tonic-clonic seizures and send alerts to caregivers. It also provides sleep, rest, and physical activity analysis.
        </p>
        <br />
        <Media
          defaultMatches={true}
          query="(min-width: 768px)"
        >
          [Function]
        </Media>
      </div>
      <div
        className="col-md-4"
      >
        <img
          alt="Empatica's Embrace watch"
          className="watch"
          src="embrace_front-xhdpi.jpg"
        />
        <Media
          defaultMatches={true}
          query="(max-width: 767px)"
        >
          [Function]
        </Media>
      </div>
    </div>
    <div
      className="row footerRow align-items-center"
    >
      <div
        className="col-4"
      >
        <Connect(LinkComponent)
          href="/login"
        >
          Login
        </Connect(LinkComponent)>
      </div>
      <div
        className="col-4"
      >
        <Connect(LinkComponent)
          href="#"
        >
          Company
        </Connect(LinkComponent)>
      </div>
      <div
        className="col-4"
      >
        <Connect(LinkComponent)
          href="#"
        >
          Careers
        </Connect(LinkComponent)>
      </div>
    </div>
    <div
      className="row footerRow align-items-center"
    >
      <div
        className="col"
      >
        <p>
          © 2017 Empatica Inc. - ISO 13485 Cert. No. 9124.EPTC - All rights reserved 
        </p>
      </div>
    </div>
  </div>
</div>
`;
