// Jest Snapshot v1, https://goo.gl/fbAQLP

exports[`Login Renders consistently 1`] = `
<div
  className="container-fluid login"
>
  <div
    className="row"
  >
    <div
      className="col"
    >
      <form
        className="card"
        onSubmit={[Function]}
      >
        <h2>
          Login
        </h2>
        <div
          className="form-group"
        >
          <label
            htmlFor="username"
          >
            Username
          </label>
          <input
            className="form-control"
            id="username"
            name="username"
            onChange={[Function]}
            placeholder="Jane_Doe"
          />
        </div>
        <div
          className="form-group"
        >
          <label
            htmlFor="password"
          >
            Password
          </label>
          <input
            className="form-control"
            id="password"
            name="password"
            onChange={[Function]}
            placeholder="***********"
            type="password"
          />
        </div>
        <button
          type="submit"
        >
          Login
        </button>
      </form>
    </div>
  </div>
  <div
    className="row"
  >
    <div
      className="col"
    >
      <div
        className="card"
      >
        <span>
          Don't have an account? 
          <a
            href="#"
          >
            Sign Up
          </a>
        </span>
      </div>
    </div>
  </div>
</div>
`;
